// Vitest Snapshot v1, https://vitest.dev/guide/snapshot.html

exports[`Slack Texty Automated Testing & Validation > Snapshot Testing of Comprehensive Manual Test Suite > converts tests/manual/slack-comprehensive-test.md with zero invariant violations and matches snapshot 1`] = `
{
  "ops": [
    {
      "attributes": {
        "bold": true,
      },
      "insert": "Comprehensive Manual Test Suite: Slack Native Format",
    },
    {
      "insert": "
",
    },
    {
      "insert": "
",
    },
    {
      "insert": "This note contains a complete collection of Markdown syntaxes and edge cases for manually testing the ",
    },
    {
      "attributes": {
        "bold": true,
      },
      "insert": "Format Convert: Copy as Slack Format",
    },
    {
      "insert": " feature.",
    },
    {
      "insert": "
",
    },
    {
      "insert": "
",
    },
    {
      "insert": "Testers may copy the contents of this file or place this note anywhere in their Obsidian vault.",
    },
    {
      "insert": "
",
    },
    {
      "insert": "
",
    },
    {
      "insert": "───
",
    },
    {
      "insert": "
",
    },
    {
      "attributes": {
        "bold": true,
      },
      "insert": "Heading 1 (H1: Largest Header)",
    },
    {
      "insert": "
",
    },
    {
      "attributes": {
        "bold": true,
      },
      "insert": "Heading 2 (H2)",
    },
    {
      "insert": "
",
    },
    {
      "attributes": {
        "bold": true,
      },
      "insert": "Heading 3 (H3)",
    },
    {
      "insert": "
",
    },
    {
      "attributes": {
        "bold": true,
      },
      "insert": "Heading 4 (H4)",
    },
    {
      "insert": "
",
    },
    {
      "attributes": {
        "bold": true,
      },
      "insert": "Heading 5 (H5)",
    },
    {
      "insert": "
",
    },
    {
      "attributes": {
        "bold": true,
      },
      "insert": "Heading 6 (H6: Smallest Header)",
    },
    {
      "insert": "
",
    },
    {
      "insert": "
",
    },
    {
      "insert": "───
",
    },
    {
      "insert": "
",
    },
    {
      "attributes": {
        "bold": true,
      },
      "insert": "1. Inline Formatting (Slack Toolbar Parity)",
    },
    {
      "insert": "
",
    },
    {
      "attributes": {
        "bold": true,
      },
      "insert": "Bold",
    },
    {
      "insert": ": ",
    },
    {
      "attributes": {
        "bold": true,
      },
      "insert": "Bold Text",
    },
    {
      "insert": " (or ",
    },
    {
      "attributes": {
        "bold": true,
      },
      "insert": "Underscore Bold",
    },
    {
      "insert": ")",
    },
    {
      "attributes": {
        "list": "bullet",
      },
      "insert": "
",
    },
    {
      "attributes": {
        "italic": true,
      },
      "insert": "Italic",
    },
    {
      "insert": ": ",
    },
    {
      "attributes": {
        "italic": true,
      },
      "insert": "Italic Text",
    },
    {
      "insert": " (or ",
    },
    {
      "attributes": {
        "italic": true,
      },
      "insert": "Underscore Italic",
    },
    {
      "insert": ")",
    },
    {
      "attributes": {
        "list": "bullet",
      },
      "insert": "
",
    },
    {
      "attributes": {
        "underline": true,
      },
      "insert": "Underline",
    },
    {
      "insert": ": ",
    },
    {
      "attributes": {
        "underline": true,
      },
      "insert": "Underlined Text",
    },
    {
      "attributes": {
        "list": "bullet",
      },
      "insert": "
",
    },
    {
      "attributes": {
        "strike": true,
      },
      "insert": "Strikethrough",
    },
    {
      "insert": ": ",
    },
    {
      "attributes": {
        "strike": true,
      },
      "insert": "Deprecated Information",
    },
    {
      "attributes": {
        "list": "bullet",
      },
      "insert": "
",
    },
    {
      "attributes": {
        "code": true,
      },
      "insert": "Inline Code",
    },
    {
      "insert": ": ",
    },
    {
      "attributes": {
        "code": true,
      },
      "insert": "const token = "slack_test_123";",
    },
    {
      "attributes": {
        "list": "bullet",
      },
      "insert": "
",
    },
    {
      "insert": "Hyperlink: ",
    },
    {
      "attributes": {
        "link": "https://www.google.com",
      },
      "insert": "Google Search",
    },
    {
      "attributes": {
        "list": "bullet",
      },
      "insert": "
",
    },
    {
      "attributes": {
        "bold": true,
      },
      "insert": "Combined Formatting",
    },
    {
      "insert": ": ",
    },
    {
      "attributes": {
        "bold": true,
      },
      "insert": "Bold text containing ",
    },
    {
      "attributes": {
        "bold": true,
        "code": true,
      },
      "insert": "inline code",
    },
    {
      "insert": ", or ",
    },
    {
      "attributes": {
        "bold": true,
      },
      "insert": "*Bold Italic",
    },
    {
      "insert": "*, or ",
    },
    {
      "attributes": {
        "bold": true,
        "strike": true,
      },
      "insert": "Bold Strikethrough",
    },
    {
      "attributes": {
        "list": "bullet",
      },
      "insert": "
",
    },
    {
      "insert": "
",
    },
    {
      "insert": "───
",
    },
    {
      "insert": "
",
    },
    {
      "attributes": {
        "bold": true,
      },
      "insert": "2. Bulleted Lists (5-Level Nesting)",
    },
    {
      "insert": "
",
    },
    {
      "insert": "Level 1 Bullet Item A",
    },
    {
      "attributes": {
        "list": "bullet",
      },
      "insert": "
",
    },
    {
      "insert": "Level 2 Nested Item (Indent 1)",
    },
    {
      "attributes": {
        "indent": 1,
        "list": "bullet",
      },
      "insert": "
",
    },
    {
      "insert": "Level 3 Nested Item (Indent 2)",
    },
    {
      "attributes": {
        "indent": 2,
        "list": "bullet",
      },
      "insert": "
",
    },
    {
      "insert": "Level 4 Nested Item (Indent 3)",
    },
    {
      "attributes": {
        "indent": 3,
        "list": "bullet",
      },
      "insert": "
",
    },
    {
      "insert": "Level 5 Nested Item (Indent 4: Deepest Supported Level)",
    },
    {
      "attributes": {
        "indent": 4,
        "list": "bullet",
      },
      "insert": "
",
    },
    {
      "insert": "Level 1 Bullet Item B",
    },
    {
      "attributes": {
        "list": "bullet",
      },
      "insert": "
",
    },
    {
      "insert": "
",
    },
    {
      "insert": "───
",
    },
    {
      "insert": "
",
    },
    {
      "attributes": {
        "bold": true,
      },
      "insert": "3. Numbered Lists (5-Level Nesting & Return to Root)",
    },
    {
      "insert": "
",
    },
    {
      "insert": "Step 1 (Level 1: rendered as ",
    },
    {
      "attributes": {
        "code": true,
      },
      "insert": "1.",
    },
    {
      "insert": ")",
    },
    {
      "attributes": {
        "list": "ordered",
      },
      "insert": "
",
    },
    {
      "insert": "Step 1-1 (Level 2: rendered as ",
    },
    {
      "attributes": {
        "code": true,
      },
      "insert": "a.",
    },
    {
      "insert": ")",
    },
    {
      "attributes": {
        "indent": 1,
        "list": "ordered",
      },
      "insert": "
",
    },
    {
      "insert": "Step 1-1-1 (Level 3: rendered as ",
    },
    {
      "attributes": {
        "code": true,
      },
      "insert": "i.",
    },
    {
      "insert": ")",
    },
    {
      "attributes": {
        "indent": 2,
        "list": "ordered",
      },
      "insert": "
",
    },
    {
      "insert": "Step 1-1-1-1 (Level 4: rendered as ",
    },
    {
      "attributes": {
        "code": true,
      },
      "insert": "1.",
    },
    {
      "insert": ")",
    },
    {
      "attributes": {
        "indent": 3,
        "list": "ordered",
      },
      "insert": "
",
    },
    {
      "insert": "Step 1-1-1-1-1 (Level 5: rendered as ",
    },
    {
      "attributes": {
        "code": true,
      },
      "insert": "a.",
    },
    {
      "insert": ")",
    },
    {
      "attributes": {
        "indent": 4,
        "list": "ordered",
      },
      "insert": "
",
    },
    {
      "insert": "Step 2 (Level 1: returns to ",
    },
    {
      "attributes": {
        "code": true,
      },
      "insert": "2.",
    },
    {
      "insert": ")",
    },
    {
      "attributes": {
        "list": "ordered",
      },
      "insert": "
",
    },
    {
      "insert": "
",
    },
    {
      "insert": "───
",
    },
    {
      "insert": "
",
    },
    {
      "attributes": {
        "bold": true,
      },
      "insert": "4. Checklists / Task Lists (5-Level Nesting)",
    },
    {
      "insert": "
",
    },
    {
      "insert": "☐ Incomplete Task (Level 1)",
    },
    {
      "attributes": {
        "list": "bullet",
      },
      "insert": "
",
    },
    {
      "insert": "☑ ",
    },
    {
      "attributes": {
        "strike": true,
      },
      "insert": "Completed Task (Level 2)",
    },
    {
      "attributes": {
        "indent": 1,
        "list": "bullet",
      },
      "insert": "
",
    },
    {
      "insert": "☐ Detailed Subtask A (Level 3)",
    },
    {
      "attributes": {
        "indent": 2,
        "list": "bullet",
      },
      "insert": "
",
    },
    {
      "insert": "☑ ",
    },
    {
      "attributes": {
        "strike": true,
      },
      "insert": "Completed Subtask B (Level 4)",
    },
    {
      "attributes": {
        "indent": 3,
        "list": "bullet",
      },
      "insert": "
",
    },
    {
      "insert": "☐ Deepest Task (Level 5)",
    },
    {
      "attributes": {
        "indent": 4,
        "list": "bullet",
      },
      "insert": "
",
    },
    {
      "insert": "☑ ",
    },
    {
      "attributes": {
        "strike": true,
      },
      "insert": "Parent Completed Task (Level 1)",
    },
    {
      "attributes": {
        "list": "bullet",
      },
      "insert": "
",
    },
    {
      "insert": "
",
    },
    {
      "insert": "───
",
    },
    {
      "insert": "
",
    },
    {
      "attributes": {
        "bold": true,
      },
      "insert": "5. Mixed Nested Lists",
    },
    {
      "insert": "
",
    },
    {
      "insert": "Project Planning Phase (Numbered Level 1)",
    },
    {
      "attributes": {
        "list": "ordered",
      },
      "insert": "
",
    },
    {
      "insert": "Requirements Definition (Bullet Level 2)",
    },
    {
      "attributes": {
        "indent": 1,
        "list": "bullet",
      },
      "insert": "
",
    },
    {
      "insert": "☐ Create API Specifications (Incomplete Checklist Level 3)",
    },
    {
      "attributes": {
        "indent": 2,
        "list": "bullet",
      },
      "insert": "
",
    },
    {
      "insert": "☑ ",
    },
    {
      "attributes": {
        "strike": true,
      },
      "insert": "Design Database Schema (Completed Checklist Level 3)",
    },
    {
      "attributes": {
        "indent": 2,
        "list": "bullet",
      },
      "insert": "
",
    },
    {
      "insert": "Finalize Foreign Key Constraints (Numbered Level 4)",
    },
    {
      "attributes": {
        "indent": 3,
        "list": "ordered",
      },
      "insert": "
",
    },
    {
      "insert": "☑ ",
    },
    {
      "attributes": {
        "strike": true,
      },
      "insert": "Security Review Approval (Checklist Level 5)",
    },
    {
      "attributes": {
        "indent": 4,
        "list": "bullet",
      },
      "insert": "
",
    },
    {
      "insert": "Implementation Phase (Numbered Level 1)",
    },
    {
      "attributes": {
        "list": "ordered",
      },
      "insert": "
",
    },
    {
      "insert": "
",
    },
    {
      "insert": "───
",
    },
    {
      "insert": "
",
    },
    {
      "attributes": {
        "bold": true,
      },
      "insert": "6. Blockquotes & Obsidian Callouts",
    },
    {
      "insert": "
",
    },
    {
      "insert": "This is a standard single-line blockquote.",
    },
    {
      "attributes": {
        "blockquote": true,
      },
      "insert": "
",
    },
    {
      "insert": "
",
    },
    {
      "insert": "This is a multi-line blockquote.",
    },
    {
      "attributes": {
        "blockquote": true,
      },
      "insert": "
",
    },
    {
      "insert": "Inside quotes, ",
    },
    {
      "attributes": {
        "bold": true,
      },
      "insert": "bold",
    },
    {
      "insert": ", ",
    },
    {
      "attributes": {
        "code": true,
      },
      "insert": "inline code",
    },
    {
      "insert": ", and ",
    },
    {
      "attributes": {
        "link": "https://example.com",
      },
      "insert": "links",
    },
    {
      "insert": " must function properly.",
    },
    {
      "attributes": {
        "blockquote": true,
      },
      "insert": "
",
    },
    {
      "insert": "
",
    },
    {
      "attributes": {
        "bold": true,
      },
      "insert": "[Release Announcement]",
    },
    {
      "attributes": {
        "blockquote": true,
      },
      "insert": "
",
    },
    {
      "insert": "This is an Obsidian callout block.",
    },
    {
      "attributes": {
        "blockquote": true,
      },
      "insert": "
",
    },
    {
      "insert": "In Slack, this renders as a bold-titled quote container.",
    },
    {
      "attributes": {
        "blockquote": true,
      },
      "insert": "
",
    },
    {
      "insert": "
",
    },
    {
      "attributes": {
        "bold": true,
      },
      "insert": "[Deprecation Alert]",
    },
    {
      "attributes": {
        "blockquote": true,
      },
      "insert": "
",
    },
    {
      "insert": "Warning callout verification.",
    },
    {
      "attributes": {
        "blockquote": true,
      },
      "insert": "
",
    },
    {
      "insert": "
",
    },
    {
      "insert": "───
",
    },
    {
      "insert": "
",
    },
    {
      "attributes": {
        "bold": true,
      },
      "insert": "7. Code Blocks",
    },
    {
      "insert": "
",
    },
    {
      "insert": "typescript",
    },
    {
      "attributes": {
        "code-block": true,
      },
      "insert": "
",
    },
    {
      "insert": "function calculateTotal(items: { price: number; count: number }[]): number {",
    },
    {
      "attributes": {
        "code-block": true,
      },
      "insert": "
",
    },
    {
      "insert": "    return items.reduce((sum, item) => sum + item.price * item.count, 0);",
    },
    {
      "attributes": {
        "code-block": true,
      },
      "insert": "
",
    },
    {
      "insert": "}",
    },
    {
      "attributes": {
        "code-block": true,
      },
      "insert": "
",
    },
    {
      "attributes": {
        "code-block": true,
      },
      "insert": "
",
    },
    {
      "insert": "// Verification",
    },
    {
      "attributes": {
        "code-block": true,
      },
      "insert": "
",
    },
    {
      "insert": "const total = calculateTotal([{ price: 100, count: 2 }]);",
    },
    {
      "attributes": {
        "code-block": true,
      },
      "insert": "
",
    },
    {
      "insert": "console.log(\`Total: $\${total}\`);",
    },
    {
      "attributes": {
        "code-block": true,
      },
      "insert": "
",
    },
    {
      "insert": "
",
    },
    {
      "insert": "Plain code block without language tag.",
    },
    {
      "attributes": {
        "code-block": true,
      },
      "insert": "
",
    },
    {
      "insert": "Indentation and symbols must remain intact.",
    },
    {
      "attributes": {
        "code-block": true,
      },
      "insert": "
",
    },
    {
      "insert": "
",
    },
    {
      "insert": "───
",
    },
    {
      "insert": "
",
    },
    {
      "attributes": {
        "bold": true,
      },
      "insert": "8. Tables (Monospace Aligned Code Block)",
    },
    {
      "insert": "
",
    },
    {
      "insert": "
",
    },
    {
      "attributes": {
        "bold": true,
      },
      "insert": "Pattern A: Standard ASCII Table with Column Alignments",
    },
    {
      "insert": "
",
    },
    {
      "insert": "| Item Name (Left) | Status (Center) | Quantity (Right) | Price (Right) | Notes (Left)        |",
    },
    {
      "attributes": {
        "code-block": true,
      },
      "insert": "
",
    },
    {
      "insert": "|:-----------------|:---------------:|-----------------:|--------------:|:--------------------|",
    },
    {
      "attributes": {
        "code-block": true,
      },
      "insert": "
",
    },
    {
      "insert": "| Apple Fuji       |    Available    |               12 |        $12.00 | Fresh harvest       |",
    },
    {
      "attributes": {
        "code-block": true,
      },
      "insert": "
",
    },
    {
      "insert": "| Mandarin Orange  |    In Stock     |              150 |        $85.00 | Sweet seedless      |",
    },
    {
      "attributes": {
        "code-block": true,
      },
      "insert": "
",
    },
    {
      "insert": "| Shine Muscat     |    Sold Out     |                3 |       $120.00 | Premium gift box    |",
    },
    {
      "attributes": {
        "code-block": true,
      },
      "insert": "
",
    },
    {
      "insert": "| Banana Cavendish |    Available    |               50 |         $9.80 | High altitude grown |",
    },
    {
      "attributes": {
        "code-block": true,
      },
      "insert": "
",
    },
    {
      "insert": "
",
    },
    {
      "attributes": {
        "bold": true,
      },
      "insert": "Pattern B: Mixed CJK Multi-byte Characters & Inline Code",
    },
    {
      "insert": "
",
    },
    {
      "insert": "| Feature        | Syntax                                             | Alignment | Slack Native Support |",
    },
    {
      "attributes": {
        "code-block": true,
      },
      "insert": "
",
    },
    {
      "insert": "|:---------------|:---------------------------------------------------|:---------:|---------------------:|",
    },
    {
      "attributes": {
        "code-block": true,
      },
      "insert": "
",
    },
    {
      "insert": "| Heading        | \`# Heading\`                                        |   Left    |            Bold text |",
    },
    {
      "attributes": {
        "code-block": true,
      },
      "insert": "
",
    },
    {
      "insert": "| Bold           | \`**Bold**\`                                         |   Left    |       Bold attribute |",
    },
    {
      "attributes": {
        "code-block": true,
      },
      "insert": "
",
    },
    {
      "insert": "| Checkbox       | \`- [x]\`                                            |  Center   |     ☑ Checked bullet |",
    },
    {
      "attributes": {
        "code-block": true,
      },
      "insert": "
",
    },
    {
      "insert": "| Long cell test | \`Some very long inline code parameter inside cell\` |   Right   | Monospace code block |",
    },
    {
      "attributes": {
        "code-block": true,
      },
      "insert": "
",
    },
    {
      "insert": "
",
    },
    {
      "insert": "───
",
    },
    {
      "insert": "
",
    },
    {
      "attributes": {
        "bold": true,
      },
      "insert": "9. Math & Vault-Specific Wikilinks",
    },
    {
      "insert": "
",
    },
    {
      "insert": "Inline Math: $E = mc^2$",
    },
    {
      "attributes": {
        "list": "bullet",
      },
      "insert": "
",
    },
    {
      "insert": "Block Math:",
    },
    {
      "attributes": {
        "list": "bullet",
      },
      "insert": "
",
    },
    {
      "insert": "$$",
    },
    {
      "insert": "
",
    },
    {
      "insert": "\\int_{0}^{\\infty} e^{-x^2} dx = \\frac{\\sqrt{\\pi}}{2}",
    },
    {
      "insert": "
",
    },
    {
      "insert": "$$",
    },
    {
      "insert": "
",
    },
    {
      "insert": "Obsidian Internal Link (Wikilinks): System Architecture",
    },
    {
      "attributes": {
        "list": "bullet",
      },
      "insert": "
",
    },
    {
      "insert": "Embedded Attachment: [image: architecture-diagram.png]",
    },
    {
      "attributes": {
        "list": "bullet",
      },
      "insert": "
",
    },
    {
      "insert": "
",
    },
    {
      "insert": "───
",
    },
    {
      "insert": "
",
    },
    {
      "attributes": {
        "bold": true,
      },
      "insert": "10. Edge Cases (Spacing, Math Collisions & URLs)",
    },
    {
      "insert": "
",
    },
    {
      "insert": "
",
    },
    {
      "attributes": {
        "bold": true,
      },
      "insert": "10.1 Consecutive Empty Lines",
    },
    {
      "insert": "
",
    },
    {
      "insert": "Paragraph A",
    },
    {
      "insert": "
",
    },
    {
      "insert": "
",
    },
    {
      "insert": "Paragraph B (separated by 1 empty line)",
    },
    {
      "insert": "
",
    },
    {
      "insert": "
",
    },
    {
      "insert": "
",
    },
    {
      "insert": "Paragraph C (separated by 2 empty lines)",
    },
    {
      "insert": "
",
    },
    {
      "insert": "
",
    },
    {
      "attributes": {
        "bold": true,
      },
      "insert": "10.2 Blockquote Separation",
    },
    {
      "insert": "
",
    },
    {
      "insert": "First independent quote block.",
    },
    {
      "attributes": {
        "blockquote": true,
      },
      "insert": "
",
    },
    {
      "insert": "
",
    },
    {
      "insert": "Second independent quote block.",
    },
    {
      "attributes": {
        "blockquote": true,
      },
      "insert": "
",
    },
    {
      "insert": "
",
    },
    {
      "attributes": {
        "bold": true,
      },
      "insert": "10.3 Prose Math Delimiters & Parentheses in URLs",
    },
    {
      "insert": "
",
    },
    {
      "insert": "Formula with subscripts: $a_1 * b_1 + a_2 * b_2$",
    },
    {
      "attributes": {
        "list": "bullet",
      },
      "insert": "
",
    },
    {
      "insert": "Balanced URL: ",
    },
    {
      "attributes": {
        "link": "https://en.wikipedia.org/wiki/Closure_(computer_programming)",
      },
      "insert": "Closure",
    },
    {
      "attributes": {
        "list": "bullet",
      },
      "insert": "
",
    },
    {
      "insert": "
",
    },
    {
      "insert": "
",
    },
  ],
}
`;

exports[`Slack Texty Automated Testing & Validation > Snapshot Testing of Comprehensive Manual Test Suite > converts tests/manual/slack-edge-cases.md with zero invariant violations and matches snapshot 1`] = `
{
  "ops": [
    {
      "attributes": {
        "bold": true,
      },
      "insert": "Slack Formatting & Rendering Edge Cases Manual Test Suite",
    },
    {
      "insert": "
",
    },
    {
      "insert": "
",
    },
    {
      "insert": "This test note is specifically designed to verify ",
    },
    {
      "attributes": {
        "bold": true,
      },
      "insert": "visual edge cases",
    },
    {
      "insert": " that only become apparent upon actual rendering in the Slack desktop and mobile (iOS/Android) apps.",
    },
    {
      "insert": "
",
    },
    {
      "insert": "
",
    },
    {
      "attributes": {
        "bold": true,
      },
      "insert": "Verification Checklist for Testers",
    },
    {
      "insert": "
",
    },
    {
      "insert": "Copy this note via ",
    },
    {
      "attributes": {
        "bold": true,
      },
      "insert": ""Format Convert: Copy as Slack Format"",
    },
    {
      "insert": " in Obsidian.",
    },
    {
      "attributes": {
        "list": "ordered",
      },
      "insert": "
",
    },
    {
      "insert": "Paste into Slack (mobile iOS or desktop composer).",
    },
    {
      "attributes": {
        "list": "ordered",
      },
      "insert": "
",
    },
    {
      "insert": "Visually inspect each section against the criteria below.",
    },
    {
      "attributes": {
        "list": "ordered",
      },
      "insert": "
",
    },
    {
      "insert": "
",
    },
    {
      "insert": "───
",
    },
    {
      "insert": "
",
    },
    {
      "attributes": {
        "bold": true,
      },
      "insert": "1. Consecutive Empty Lines & Block Spacing",
    },
    {
      "insert": "
",
    },
    {
      "insert": "
",
    },
    {
      "attributes": {
        "bold": true,
      },
      "insert": "Case 1.1: Single vs Multiple Consecutive Blank Lines",
    },
    {
      "insert": "
",
    },
    {
      "insert": "Paragraph 1 (First line)",
    },
    {
      "insert": "
",
    },
    {
      "insert": "
",
    },
    {
      "insert": "Paragraph 2 (Separated by exactly ONE empty line above)",
    },
    {
      "insert": "
",
    },
    {
      "insert": "
",
    },
    {
      "insert": "
",
    },
    {
      "insert": "Paragraph 3 (Separated by exactly TWO empty lines above)",
    },
    {
      "insert": "
",
    },
    {
      "insert": "
",
    },
    {
      "insert": "
",
    },
    {
      "insert": "
",
    },
    {
      "insert": "Paragraph 4 (Separated by exactly THREE empty lines above)",
    },
    {
      "insert": "
",
    },
    {
      "insert": "
",
    },
    {
      "attributes": {
        "bold": true,
      },
      "insert": "Verification Criteria",
    },
    {
      "insert": ":",
    },
    {
      "attributes": {
        "list": "bullet",
      },
      "insert": "
",
    },
    {
      "insert": "☐ Exactly 1 empty line between Paragraph 1 and 2.",
    },
    {
      "attributes": {
        "indent": 1,
        "list": "bullet",
      },
      "insert": "
",
    },
    {
      "insert": "☐ Exactly 2 empty lines between Paragraph 2 and 3 (Slack normalizer must NOT collapse to 1).",
    },
    {
      "attributes": {
        "indent": 1,
        "list": "bullet",
      },
      "insert": "
",
    },
    {
      "insert": "☐ Exactly 3 empty lines between Paragraph 3 and 4.",
    },
    {
      "attributes": {
        "indent": 1,
        "list": "bullet",
      },
      "insert": "
",
    },
    {
      "insert": "
",
    },
    {
      "attributes": {
        "bold": true,
      },
      "insert": "Case 1.2: Soft Line Breaks vs Hard Paragraph Breaks",
    },
    {
      "insert": "
",
    },
    {
      "insert": "Line 1 of the same paragraph.",
    },
    {
      "insert": "
",
    },
    {
      "insert": "Line 2 of the same paragraph (soft break without empty line).",
    },
    {
      "insert": "
",
    },
    {
      "insert": "Line 3 of the same paragraph (soft break without empty line).",
    },
    {
      "insert": "
",
    },
    {
      "insert": "
",
    },
    {
      "insert": "New paragraph after a hard empty line.",
    },
    {
      "insert": "
",
    },
    {
      "insert": "
",
    },
    {
      "attributes": {
        "bold": true,
      },
      "insert": "Verification Criteria",
    },
    {
      "insert": ":",
    },
    {
      "attributes": {
        "list": "bullet",
      },
      "insert": "
",
    },
    {
      "insert": "☐ Lines 1, 2, 3 appear grouped in a single paragraph block with normal line breaks.",
    },
    {
      "attributes": {
        "indent": 1,
        "list": "bullet",
      },
      "insert": "
",
    },
    {
      "insert": "☐ The next paragraph is separated by a blank line.",
    },
    {
      "attributes": {
        "indent": 1,
        "list": "bullet",
      },
      "insert": "
",
    },
    {
      "insert": "
",
    },
    {
      "attributes": {
        "bold": true,
      },
      "insert": "Case 1.3: Empty Lines Between Blockquotes",
    },
    {
      "insert": "
",
    },
    {
      "insert": "Quote Block A: First independent quotation.",
    },
    {
      "attributes": {
        "blockquote": true,
      },
      "insert": "
",
    },
    {
      "insert": "Line 2 of Quote Block A.",
    },
    {
      "attributes": {
        "blockquote": true,
      },
      "insert": "
",
    },
    {
      "insert": "
",
    },
    {
      "insert": "Quote Block B: Second quotation separated by an empty line above.",
    },
    {
      "attributes": {
        "blockquote": true,
      },
      "insert": "
",
    },
    {
      "insert": "
",
    },
    {
      "attributes": {
        "bold": true,
      },
      "insert": "Verification Criteria",
    },
    {
      "insert": ":",
    },
    {
      "attributes": {
        "list": "bullet",
      },
      "insert": "
",
    },
    {
      "insert": "☐ Quote Block A and Quote Block B do NOT merge into a single quote.",
    },
    {
      "attributes": {
        "indent": 1,
        "list": "bullet",
      },
      "insert": "
",
    },
    {
      "insert": "☐ There is a visible empty line separating Quote Block A and Quote Block B.",
    },
    {
      "attributes": {
        "indent": 1,
        "list": "bullet",
      },
      "insert": "
",
    },
    {
      "insert": "
",
    },
    {
      "attributes": {
        "bold": true,
      },
      "insert": "Case 1.4: Empty Lines Between Lists and Headings",
    },
    {
      "insert": "
",
    },
    {
      "insert": "List Item Alpha",
    },
    {
      "attributes": {
        "list": "bullet",
      },
      "insert": "
",
    },
    {
      "insert": "List Item Beta",
    },
    {
      "attributes": {
        "list": "bullet",
      },
      "insert": "
",
    },
    {
      "insert": "List Item Gamma",
    },
    {
      "attributes": {
        "list": "bullet",
      },
      "insert": "
",
    },
    {
      "insert": "
",
    },
    {
      "attributes": {
        "bold": true,
      },
      "insert": "Heading Immediately After List (Separated by Empty Line)",
    },
    {
      "insert": "
",
    },
    {
      "insert": "Follow-up text under heading.",
    },
    {
      "insert": "
",
    },
    {
      "insert": "
",
    },
    {
      "attributes": {
        "bold": true,
      },
      "insert": "Verification Criteria",
    },
    {
      "insert": ":",
    },
    {
      "attributes": {
        "list": "bullet",
      },
      "insert": "
",
    },
    {
      "insert": "☐ A visible empty line exists between "List Item Gamma" and the "### Heading".",
    },
    {
      "attributes": {
        "indent": 1,
        "list": "bullet",
      },
      "insert": "
",
    },
    {
      "insert": "☐ The heading is NOT squeezed flush against the bottom of the list.",
    },
    {
      "attributes": {
        "indent": 1,
        "list": "bullet",
      },
      "insert": "
",
    },
    {
      "insert": "
",
    },
    {
      "attributes": {
        "bold": true,
      },
      "insert": "Case 1.5: Empty Lines Between Code Blocks and Tables",
    },
    {
      "insert": "
",
    },
    {
      "insert": "typescript",
    },
    {
      "attributes": {
        "code-block": true,
      },
      "insert": "
",
    },
    {
      "insert": "interface ServerConfig {",
    },
    {
      "attributes": {
        "code-block": true,
      },
      "insert": "
",
    },
    {
      "insert": "    host: string;",
    },
    {
      "attributes": {
        "code-block": true,
      },
      "insert": "
",
    },
    {
      "insert": "    port: number;",
    },
    {
      "attributes": {
        "code-block": true,
      },
      "insert": "
",
    },
    {
      "insert": "}",
    },
    {
      "attributes": {
        "code-block": true,
      },
      "insert": "
",
    },
    {
      "insert": "
",
    },
    {
      "insert": "| Config Key | Type   | Default     |",
    },
    {
      "attributes": {
        "code-block": true,
      },
      "insert": "
",
    },
    {
      "insert": "|:-----------|:-------|:------------|",
    },
    {
      "attributes": {
        "code-block": true,
      },
      "insert": "
",
    },
    {
      "insert": "| \`host\`     | string | "localhost" |",
    },
    {
      "attributes": {
        "code-block": true,
      },
      "insert": "
",
    },
    {
      "insert": "| \`port\`     | number | 8080        |",
    },
    {
      "attributes": {
        "code-block": true,
      },
      "insert": "
",
    },
    {
      "insert": "
",
    },
    {
      "attributes": {
        "bold": true,
      },
      "insert": "Verification Criteria",
    },
    {
      "insert": ":",
    },
    {
      "attributes": {
        "list": "bullet",
      },
      "insert": "
",
    },
    {
      "insert": "☐ There is a clean empty line separating the code block and the table.",
    },
    {
      "attributes": {
        "indent": 1,
        "list": "bullet",
      },
      "insert": "
",
    },
    {
      "insert": "☐ The table columns remain vertically aligned in monospace font.",
    },
    {
      "attributes": {
        "indent": 1,
        "list": "bullet",
      },
      "insert": "
",
    },
    {
      "insert": "
",
    },
    {
      "attributes": {
        "bold": true,
      },
      "insert": "Case 1.6: Empty Lines Between Tables and Block Math",
    },
    {
      "insert": "
",
    },
    {
      "insert": "| Metric  | Q1   | Q2   |",
    },
    {
      "attributes": {
        "code-block": true,
      },
      "insert": "
",
    },
    {
      "insert": "|:--------|:-----|:-----|",
    },
    {
      "attributes": {
        "code-block": true,
      },
      "insert": "
",
    },
    {
      "insert": "| Revenue | $10M | $12M |",
    },
    {
      "attributes": {
        "code-block": true,
      },
      "insert": "
",
    },
    {
      "insert": "
",
    },
    {
      "insert": "$$",
    },
    {
      "insert": "
",
    },
    {
      "insert": "\\text{Growth} = \\frac{Q2 - Q1}{Q1} \\times 100\\%",
    },
    {
      "insert": "
",
    },
    {
      "insert": "$$",
    },
    {
      "insert": "
",
    },
    {
      "insert": "
",
    },
    {
      "attributes": {
        "bold": true,
      },
      "insert": "Verification Criteria",
    },
    {
      "insert": ":",
    },
    {
      "attributes": {
        "list": "bullet",
      },
      "insert": "
",
    },
    {
      "insert": "☐ There is a clean empty line between the table and the block formula.",
    },
    {
      "attributes": {
        "indent": 1,
        "list": "bullet",
      },
      "insert": "
",
    },
    {
      "insert": "☐ The formula is wrapped only in native ",
    },
    {
      "attributes": {
        "code": true,
      },
      "insert": "$$",
    },
    {
      "insert": " delimiters (no stray backticks).",
    },
    {
      "attributes": {
        "indent": 1,
        "list": "bullet",
      },
      "insert": "
",
    },
    {
      "insert": "
",
    },
    {
      "insert": "───
",
    },
    {
      "insert": "
",
    },
    {
      "attributes": {
        "bold": true,
      },
      "insert": "2. Math & Delimiter Collision Edge Cases",
    },
    {
      "insert": "
",
    },
    {
      "insert": "
",
    },
    {
      "attributes": {
        "bold": true,
      },
      "insert": "Case 2.1: Heading Containing ",
    },
    {
      "attributes": {
        "bold": true,
        "code": true,
      },
      "insert": "$$",
    },
    {
      "attributes": {
        "bold": true,
      },
      "insert": " Near Block Math",
    },
    {
      "insert": "
",
    },
    {
      "attributes": {
        "bold": true,
      },
      "insert": "Section 2.1: Verifying $$ and $ Delimiters in Prose",
    },
    {
      "insert": "
",
    },
    {
      "insert": "
",
    },
    {
      "insert": "Here is the formula below that must NOT be accidentally merged with the header:",
    },
    {
      "insert": "
",
    },
    {
      "insert": "$$",
    },
    {
      "insert": "
",
    },
    {
      "insert": "f(x) = \\int_{0}^{x} t^2 \\, dt",
    },
    {
      "insert": "
",
    },
    {
      "insert": "$$",
    },
    {
      "insert": "
",
    },
    {
      "insert": "
",
    },
    {
      "attributes": {
        "bold": true,
      },
      "insert": "Verification Criteria",
    },
    {
      "insert": ":",
    },
    {
      "attributes": {
        "list": "bullet",
      },
      "insert": "
",
    },
    {
      "insert": "☐ The heading remains an intact, single-line bold header.",
    },
    {
      "attributes": {
        "indent": 1,
        "list": "bullet",
      },
      "insert": "
",
    },
    {
      "insert": "☐ The intervening text ("Here is the formula...") is NOT swallowed or treated as math.",
    },
    {
      "attributes": {
        "indent": 1,
        "list": "bullet",
      },
      "insert": "
",
    },
    {
      "insert": "☐ The math formula renders correctly below.",
    },
    {
      "attributes": {
        "indent": 1,
        "list": "bullet",
      },
      "insert": "
",
    },
    {
      "insert": "
",
    },
    {
      "attributes": {
        "bold": true,
      },
      "insert": "Case 2.2: LaTeX Subscripts (",
    },
    {
      "attributes": {
        "bold": true,
        "code": true,
      },
      "insert": "_",
    },
    {
      "attributes": {
        "bold": true,
      },
      "insert": ") and Multiplication (",
    },
    {
      "attributes": {
        "bold": true,
        "code": true,
      },
      "insert": "*",
    },
    {
      "attributes": {
        "bold": true,
      },
      "insert": ") Protection",
    },
    {
      "insert": "
",
    },
    {
      "insert": "Inline math equation with multiple underscores and asterisks:",
    },
    {
      "insert": "
",
    },
    {
      "insert": "$x_1 * y_1 + x_2 * y_2 \\le z_{max} * \\lambda_{target}$",
    },
    {
      "insert": "
",
    },
    {
      "insert": "
",
    },
    {
      "attributes": {
        "bold": true,
      },
      "insert": "Verification Criteria",
    },
    {
      "insert": ":",
    },
    {
      "attributes": {
        "list": "bullet",
      },
      "insert": "
",
    },
    {
      "insert": "☐ The text between underscores (",
    },
    {
      "attributes": {
        "code": true,
      },
      "insert": "_1 * y_1 + x_2 *",
    },
    {
      "insert": ") does NOT become italicized or bolded.",
    },
    {
      "attributes": {
        "indent": 1,
        "list": "bullet",
      },
      "insert": "
",
    },
    {
      "insert": "☐ Underscores ",
    },
    {
      "attributes": {
        "code": true,
      },
      "insert": "_",
    },
    {
      "insert": " and asterisks ",
    },
    {
      "attributes": {
        "code": true,
      },
      "insert": "*",
    },
    {
      "insert": " remain intact as part of the formula text.",
    },
    {
      "attributes": {
        "indent": 1,
        "list": "bullet",
      },
      "insert": "
",
    },
    {
      "insert": "
",
    },
    {
      "attributes": {
        "bold": true,
      },
      "insert": "Case 2.3: Currency Dollar Signs ($) in Prose",
    },
    {
      "insert": "
",
    },
    {
      "insert": "The small widget costs $15 and the deluxe widget costs $45. The total savings is $10 per order.",
    },
    {
      "insert": "
",
    },
    {
      "insert": "
",
    },
    {
      "attributes": {
        "bold": true,
      },
      "insert": "Verification Criteria",
    },
    {
      "insert": ":",
    },
    {
      "attributes": {
        "list": "bullet",
      },
      "insert": "
",
    },
    {
      "insert": "☐ Dollar amounts (",
    },
    {
      "attributes": {
        "code": true,
      },
      "insert": "$15",
    },
    {
      "insert": ", ",
    },
    {
      "attributes": {
        "code": true,
      },
      "insert": "$45",
    },
    {
      "insert": ", ",
    },
    {
      "attributes": {
        "code": true,
      },
      "insert": "$10",
    },
    {
      "insert": ") appear as regular text with dollar signs.",
    },
    {
      "attributes": {
        "indent": 1,
        "list": "bullet",
      },
      "insert": "
",
    },
    {
      "insert": "☐ Neither amount is treated as an inline LaTeX math formula.",
    },
    {
      "attributes": {
        "indent": 1,
        "list": "bullet",
      },
      "insert": "
",
    },
    {
      "insert": "
",
    },
    {
      "insert": "───
",
    },
    {
      "insert": "
",
    },
    {
      "attributes": {
        "bold": true,
      },
      "insert": "3. URLs with Balanced Parentheses & Special Characters",
    },
    {
      "insert": "
",
    },
    {
      "insert": "
",
    },
    {
      "attributes": {
        "bold": true,
      },
      "insert": "Case 3.1: URLs Containing Parentheses",
    },
    {
      "insert": "
",
    },
    {
      "insert": "Wikipedia English: ",
    },
    {
      "attributes": {
        "link": "https://en.wikipedia.org/wiki/Closure_(computer_programming)",
      },
      "insert": "Closure in Programming",
    },
    {
      "attributes": {
        "list": "bullet",
      },
      "insert": "
",
    },
    {
      "insert": "Encoded URL with Parentheses: ",
    },
    {
      "attributes": {
        "link": "https://example.com/item/(v1.0)",
      },
      "insert": "Encoded Link",
    },
    {
      "attributes": {
        "list": "bullet",
      },
      "insert": "
",
    },
    {
      "insert": "Multi-nested query link: ",
    },
    {
      "attributes": {
        "link": "https://example.com/search?q=(test)&category=(dev)",
      },
      "insert": "Search Link",
    },
    {
      "attributes": {
        "list": "bullet",
      },
      "insert": "
",
    },
    {
      "insert": "
",
    },
    {
      "attributes": {
        "bold": true,
      },
      "insert": "Verification Criteria",
    },
    {
      "insert": ":",
    },
    {
      "attributes": {
        "list": "bullet",
      },
      "insert": "
",
    },
    {
      "insert": "☐ The trailing closing parenthesis ",
    },
    {
      "attributes": {
        "code": true,
      },
      "insert": ")",
    },
    {
      "insert": " is included inside the hyperlink URL.",
    },
    {
      "attributes": {
        "indent": 1,
        "list": "bullet",
      },
      "insert": "
",
    },
    {
      "insert": "☐ The link opens the complete URL without a 404 error.",
    },
    {
      "attributes": {
        "indent": 1,
        "list": "bullet",
      },
      "insert": "
",
    },
    {
      "insert": "
",
    },
    {
      "attributes": {
        "bold": true,
      },
      "insert": "Case 3.2: Special HTML Characters in Plain Text & Code",
    },
    {
      "insert": "
",
    },
    {
      "insert": "Testing raw angle brackets and ampersands: ",
    },
    {
      "attributes": {
        "code": true,
      },
      "insert": "5 < 10 && 20 > 15",
    },
    {
      "insert": ", ",
    },
    {
      "attributes": {
        "code": true,
      },
      "insert": "<script>alert('test')</script>",
    },
    {
      "insert": ", and ",
    },
    {
      "attributes": {
        "code": true,
      },
      "insert": "Tom & Jerry",
    },
    {
      "insert": ".",
    },
    {
      "insert": "
",
    },
    {
      "insert": "
",
    },
    {
      "attributes": {
        "bold": true,
      },
      "insert": "Verification Criteria",
    },
    {
      "insert": ":",
    },
    {
      "attributes": {
        "list": "bullet",
      },
      "insert": "
",
    },
    {
      "insert": "☐ ",
    },
    {
      "attributes": {
        "code": true,
      },
      "insert": "<",
    },
    {
      "insert": " and ",
    },
    {
      "attributes": {
        "code": true,
      },
      "insert": ">",
    },
    {
      "insert": " and ",
    },
    {
      "attributes": {
        "code": true,
      },
      "insert": "&",
    },
    {
      "insert": " display literally without causing HTML injection or disappearing.",
    },
    {
      "attributes": {
        "indent": 1,
        "list": "bullet",
      },
      "insert": "
",
    },
    {
      "insert": "
",
    },
    {
      "insert": "───
",
    },
    {
      "insert": "
",
    },
    {
      "attributes": {
        "bold": true,
      },
      "insert": "4. Complex Nested Inline Styles",
    },
    {
      "insert": "
",
    },
    {
      "insert": "
",
    },
    {
      "attributes": {
        "bold": true,
      },
      "insert": "Case 4.1: Multi-layer Inline Formatting",
    },
    {
      "insert": "
",
    },
    {
      "insert": "Underline with nested bold: ",
    },
    {
      "attributes": {
        "underline": true,
      },
      "insert": "Underlined text containing ",
    },
    {
      "attributes": {
        "bold": true,
        "underline": true,
      },
      "insert": "Bold Underlined Text",
    },
    {
      "attributes": {
        "underline": true,
      },
      "insert": " inside",
    },
    {
      "insert": ".",
    },
    {
      "attributes": {
        "list": "bullet",
      },
      "insert": "
",
    },
    {
      "insert": "Bold containing inline code: ",
    },
    {
      "attributes": {
        "bold": true,
      },
      "insert": "Important flag: ",
    },
    {
      "attributes": {
        "bold": true,
        "code": true,
      },
      "insert": "DISABLE_CACHE=true",
    },
    {
      "attributes": {
        "bold": true,
      },
      "insert": " must be set",
    },
    {
      "insert": ".",
    },
    {
      "attributes": {
        "list": "bullet",
      },
      "insert": "
",
    },
    {
      "insert": "Bold, italic, and strikethrough: ",
    },
    {
      "attributes": {
        "bold": true,
        "strike": true,
      },
      "insert": "*Crucial Deprecated Warning",
    },
    {
      "attributes": {
        "strike": true,
      },
      "insert": "*",
    },
    {
      "insert": ".",
    },
    {
      "attributes": {
        "list": "bullet",
      },
      "insert": "
",
    },
    {
      "insert": "
",
    },
    {
      "attributes": {
        "bold": true,
      },
      "insert": "Verification Criteria",
    },
    {
      "insert": ":",
    },
    {
      "attributes": {
        "list": "bullet",
      },
      "insert": "
",
    },
    {
      "insert": "☐ All nested styles apply simultaneously without breaking adjacent text.",
    },
    {
      "attributes": {
        "indent": 1,
        "list": "bullet",
      },
      "insert": "
",
    },
    {
      "insert": "
",
    },
    {
      "insert": "───
",
    },
    {
      "insert": "
",
    },
    {
      "attributes": {
        "bold": true,
      },
      "insert": "5. Horizontal Dividers with Surrounding Spacing",
    },
    {
      "insert": "
",
    },
    {
      "insert": "
",
    },
    {
      "insert": "Preceding paragraph before horizontal rule.",
    },
    {
      "insert": "
",
    },
    {
      "insert": "
",
    },
    {
      "insert": "───
",
    },
    {
      "insert": "
",
    },
    {
      "insert": "Succeeding paragraph after horizontal rule.",
    },
    {
      "insert": "
",
    },
    {
      "insert": "
",
    },
    {
      "attributes": {
        "bold": true,
      },
      "insert": "Verification Criteria",
    },
    {
      "insert": ":",
    },
    {
      "attributes": {
        "list": "bullet",
      },
      "insert": "
",
    },
    {
      "insert": "☐ A clean horizontal divider (",
    },
    {
      "attributes": {
        "code": true,
      },
      "insert": "───",
    },
    {
      "insert": ") is displayed between the two paragraphs.",
    },
    {
      "attributes": {
        "indent": 1,
        "list": "bullet",
      },
      "insert": "
",
    },
    {
      "insert": "☐ There is natural spacing above and below the divider.",
    },
    {
      "attributes": {
        "indent": 1,
        "list": "bullet",
      },
      "insert": "
",
    },
    {
      "insert": "
",
    },
  ],
}
`;
